../Core/Src/main.c:85:5:main	16	static
../Core/Src/main.c:143:6:SystemClock_Config	88	static
../Core/Src/main.c:190:13:MX_ADC1_Init	24	static
../Core/Src/main.c:246:13:MX_TIM2_Init	32	static
../Core/Src/main.c:289:13:MX_DMA_Init	16	static
../Core/Src/main.c:307:13:MX_GPIO_Init	40	static
../Core/Src/main.c:350:6:Display	32	static
../Core/Src/main.c:380:6:Display_score	24	static
../Core/Src/main.c:404:6:Update_snake	24	static
../Core/Src/main.c:471:6:Update_display	16	static
../Core/Src/main.c:480:6:Update_direct	4	static
../Core/Src/main.c:489:6:Create_apple	8	static
../Core/Src/main.c:504:6:Reset	16	static
../Core/Src/main.c:511:6:Update_score	32	static
../Core/Src/main.c:530:6:Error_Handler	4	static,ignoring_inline_asm
